// Jest Snapshot v1, https://goo.gl/fbAQLP

exports[`<ShoppingCard /> Should render correctly 1`] = `
<View
  accessible={true}
  collapsable={false}
  focusable={true}
  onClick={[Function]}
  onResponderGrant={[Function]}
  onResponderMove={[Function]}
  onResponderRelease={[Function]}
  onResponderTerminate={[Function]}
  onResponderTerminationRequest={[Function]}
  onStartShouldSetResponder={[Function]}
  style={
    Object {
      "backgroundColor": "#FFFFFF",
      "borderRadius": 8,
      "opacity": 1,
      "paddingBottom": 12,
      "paddingLeft": 12,
      "paddingRight": 12,
      "paddingTop": 12,
      "shadowColor": "#0d0a0b40",
      "shadowOffset": Object {
        "height": 4,
        "width": 4,
      },
      "shadowOpacity": 1,
      "shadowRadius": 2,
    }
  }
>
  <Text
    style={
      Array [
        Object {
          "color": "#0D0A0B",
          "fontFamily": "Poppins-Bold",
          "fontSize": 16,
        },
      ]
    }
  >
    Lista 8
  </Text>
  <View
    dimesion={8}
    style={
      Array [
        Object {
          "height": 8,
          "width": 8,
        },
      ]
    }
  />
  <View
    style={
      Array [
        Object {
          "alignItems": "center",
          "flexDirection": "row",
          "justifyContent": "space-between",
        },
      ]
    }
  >
    <View
      style={
        Array [
          Object {
            "alignItems": "center",
            "flexDirection": "row",
          },
        ]
      }
    >
      <View
        collapsable={false}
        size={25}
        style={
          Object {
            "alignItems": "center",
            "borderColor": "#ACACAC",
            "borderRadius": 12.5,
            "borderWidth": 4.166666666666667,
            "height": 25,
            "justifyContent": "center",
            "transform": Array [
              Object {
                "rotate": "-45deg",
              },
            ],
            "width": 25,
          }
        }
      >
        <View
          collapsable={false}
          size={25}
          style={
            Object {
              "borderBottomColor": "transparent",
              "borderLeftColor": "#0D0A0B",
              "borderRadius": 12.5,
              "borderRightColor": "transparent",
              "borderTopColor": "#0D0A0B",
              "borderWidth": 4.166666666666667,
              "height": 25,
              "position": "absolute",
              "transform": Array [
                Object {
                  "rotate": "0deg",
                },
              ],
              "width": 25,
            }
          }
        />
        <View
          collapsable={false}
          size={25}
          style={
            Object {
              "borderBottomColor": "transparent",
              "borderLeftColor": "#ACACAC",
              "borderRadius": 12.5,
              "borderRightColor": "transparent",
              "borderTopColor": "#ACACAC",
              "borderWidth": 4.166666666666667,
              "height": 25,
              "position": "absolute",
              "width": 25,
            }
          }
        />
        <View
          collapsable={false}
          size={25}
          style={
            Object {
              "borderBottomColor": "transparent",
              "borderLeftColor": "#0D0A0B",
              "borderRadius": 12.5,
              "borderRightColor": "transparent",
              "borderTopColor": "#0D0A0B",
              "borderWidth": 4.166666666666667,
              "height": 25,
              "opacity": 0,
              "position": "absolute",
              "transform": Array [
                Object {
                  "rotate": "0deg",
                },
              ],
              "width": 25,
            }
          }
        />
      </View>
      <View
        dimesion={8}
        style={
          Array [
            Object {
              "height": 8,
              "width": 8,
            },
          ]
        }
      />
      <Text
        style={
          Array [
            Object {
              "color": "#ACACAC",
              "fontFamily": "Poppins-Medium",
              "fontSize": 16,
            },
          ]
        }
      >
        <Text
          style={
            Array [
              Object {
                "color": "#0D0A0B",
                "fontFamily": "Poppins-Bold",
                "fontSize": 16,
              },
            ]
          }
        >
          0
        </Text>
        /
        0
      </Text>
    </View>
    <Text
      style={
        Array [
          Object {
            "color": "#ACACAC",
            "fontSize": 14,
          },
        ]
      }
    >
      0 de jan
    </Text>
  </View>
</View>
`;
