// Jest Snapshot v1, https://goo.gl/fbAQLP

exports[`<Quantity /> Should be render correctly 1`] = `
<View
  style={
    [
      {
        "alignItems": "center",
        "display": "flex",
        "flexDirection": "row",
      },
    ]
  }
  testID="quantity"
>
  <View
    accessibilityState={
      {
        "busy": undefined,
        "checked": undefined,
        "disabled": undefined,
        "expanded": undefined,
        "selected": undefined,
      }
    }
    accessibilityValue={
      {
        "max": undefined,
        "min": undefined,
        "now": undefined,
        "text": undefined,
      }
    }
    accessible={true}
    collapsable={false}
    focusable={true}
    onClick={[Function]}
    onResponderGrant={[Function]}
    onResponderMove={[Function]}
    onResponderRelease={[Function]}
    onResponderTerminate={[Function]}
    onResponderTerminationRequest={[Function]}
    onStartShouldSetResponder={[Function]}
    style={
      {
        "alignItems": "center",
        "backgroundColor": "#009Cf7",
        "borderRadius": 4,
        "display": "flex",
        "justifyContent": "center",
        "opacity": 1,
        "paddingBottom": 2,
        "paddingLeft": 2,
        "paddingRight": 2,
        "paddingTop": 2,
      }
    }
    testID="decrement-quantity"
  >
    <Text />
  </View>
  <Text
    style={
      [
        {
          "fontFamily": "Poppins-Medium",
          "fontSize": 16,
          "paddingBottom": 0,
          "paddingLeft": 8,
          "paddingRight": 8,
          "paddingTop": 0,
        },
      ]
    }
  >
    1
  </Text>
  <View
    accessibilityState={
      {
        "busy": undefined,
        "checked": undefined,
        "disabled": undefined,
        "expanded": undefined,
        "selected": undefined,
      }
    }
    accessibilityValue={
      {
        "max": undefined,
        "min": undefined,
        "now": undefined,
        "text": undefined,
      }
    }
    accessible={true}
    collapsable={false}
    focusable={true}
    onClick={[Function]}
    onResponderGrant={[Function]}
    onResponderMove={[Function]}
    onResponderRelease={[Function]}
    onResponderTerminate={[Function]}
    onResponderTerminationRequest={[Function]}
    onStartShouldSetResponder={[Function]}
    style={
      {
        "alignItems": "center",
        "backgroundColor": "#009Cf7",
        "borderRadius": 4,
        "display": "flex",
        "justifyContent": "center",
        "opacity": 1,
        "paddingBottom": 2,
        "paddingLeft": 2,
        "paddingRight": 2,
        "paddingTop": 2,
      }
    }
    testID="increment-quantity"
  >
    <Text />
  </View>
</View>
`;
