// Jest Snapshot v1, https://goo.gl/fbAQLP

exports[`<Message /> Should be render correctly 1`] = `
<View
  style={
    [
      {
        "justifyContent": "center",
        "width": "100%",
      },
    ]
  }
>
  <Image
    source={1}
    style={
      [
        {
          "height": 200,
          "marginBottom": 50,
          "marginLeft": "auto",
          "marginRight": "auto",
          "marginTop": 0,
          "width": 240,
        },
      ]
    }
    testID="message-image"
  />
  <Text
    style={
      [
        {
          "color": "#0D0A0B",
          "fontFamily": "Poppins-Medium",
          "fontSize": 24,
        },
      ]
    }
  >
    Title teste
  </Text>
  <Text
    style={
      [
        {
          "color": "#0D0A0B",
          "fontFamily": "Poppins-Regular",
          "fontSize": 16,
          "marginTop": 14,
        },
      ]
    }
  >
    Description teste
  </Text>
</View>
`;
