// Jest Snapshot v1, https://goo.gl/fbAQLP

exports[`Forgot password page Should render correctly 1`] = `
<View
  style={
    Array [
      Object {
        "alignItems": "center",
        "backgroundColor": "#EEEEEE",
        "flexBasis": 0,
        "flexGrow": 1,
        "flexShrink": 1,
        "paddingBottom": 0,
        "paddingLeft": 24,
        "paddingRight": 24,
        "paddingTop": 0,
      },
    ]
  }
>
  <View
    style={
      Array [
        Object {
          "marginBottom": 24,
        },
      ]
    }
  >
    <logo.svg />
  </View>
  <View
    style={
      Array [
        Object {
          "justifyContent": "center",
          "width": "100%",
        },
      ]
    }
  >
    <Text
      style={
        Array [
          Object {
            "color": "#0D0A0B",
            "fontFamily": "Poppins-Medium",
            "fontSize": 24,
          },
        ]
      }
    >
      Recuperação de senha
    </Text>
    <Text
      style={
        Array [
          Object {
            "color": "#0D0A0B",
            "fontFamily": "Poppins-Regular",
            "fontSize": 16,
            "marginTop": 14,
          },
        ]
      }
    >
      Não se preocupe! Acontece. Insira o endereço associado à sua conta
    </Text>
  </View>
  <View
    dimesion={60}
    style={
      Array [
        Object {
          "height": 60,
          "width": 60,
        },
      ]
    }
  />
  <View
    style={
      Array [
        Object {
          "width": "100%",
        },
      ]
    }
  >
    <View
      isFocused={false}
      style={
        Array [
          Object {
            "alignItems": "center",
            "backgroundColor": "#FFFFFF",
            "borderColor": "#FFFFFF",
            "borderRadius": 6,
            "borderStyle": "solid",
            "borderWidth": 2,
            "flexDirection": "row",
            "opacity": 1,
            "transition": "border-color 0.3s ease-in",
            "width": "100%",
          },
        ]
      }
    >
      <TextInput
        editable={true}
        onBlur={[Function]}
        onChangeText={[Function]}
        onFocus={[Function]}
        placeholder="Informe o email registrado"
        style={
          Array [
            Object {
              "color": "#0D0A0B",
              "flexBasis": 0,
              "flexGrow": 1,
              "flexShrink": 1,
              "fontSize": 16,
              "height": 50,
              "paddingBottom": 8,
              "paddingLeft": 16,
              "paddingRight": 16,
              "paddingTop": 8,
            },
          ]
        }
        testID="input-email"
        value=""
      />
    </View>
  </View>
  <View
    dimesion={12}
    style={
      Array [
        Object {
          "height": 12,
          "width": 12,
        },
      ]
    }
  />
  <RNGestureHandlerButton
    activeOpacity={0.105}
    collapsable={false}
    color="#009Cf7"
    delayLongPress={600}
    enabled={false}
    handlerTag={1}
    handlerType="NativeViewGestureHandler"
    isLoading={false}
    marginBottom={24}
    marginTop={24}
    onActiveStateChange={[Function]}
    onGestureEvent={[Function]}
    onGestureHandlerEvent={[Function]}
    onGestureHandlerStateChange={[Function]}
    onHandlerStateChange={[Function]}
    onPress={[Function]}
    style={
      Object {
        "alignItems": "center",
        "backgroundColor": "#009Cf7",
        "borderColor": "black",
        "borderRadius": 6,
        "borderStyle": "solid",
        "borderWidth": 0,
        "display": "flex",
        "height": 56,
        "justifyContent": "center",
        "marginBottom": 24,
        "marginLeft": 0,
        "marginRight": 0,
        "marginTop": 24,
        "opacity": 0.6,
        "paddingBottom": 8,
        "paddingLeft": 12,
        "paddingRight": 12,
        "paddingTop": 8,
        "width": "100%",
      }
    }
    underlayColor="black"
    variant="solid"
  >
    <View
      collapsable={false}
      style={
        Object {
          "backgroundColor": "black",
          "borderBottomLeftRadius": undefined,
          "borderBottomRightRadius": undefined,
          "borderRadius": 6,
          "borderTopLeftRadius": undefined,
          "borderTopRightRadius": undefined,
          "bottom": 0,
          "left": 0,
          "opacity": 0,
          "position": "absolute",
          "right": 0,
          "top": 0,
        }
      }
    />
    <Text
      color="#009Cf7"
      style={
        Array [
          Object {
            "color": "#FFFFFF",
            "fontFamily": "Poppins-Bold",
            "fontSize": 18,
          },
        ]
      }
      variant="solid"
    >
      Enviar
    </Text>
  </RNGestureHandlerButton>
</View>
`;
