// Jest Snapshot v1, https://goo.gl/fbAQLP

exports[`<Input /> Should be render correctly 1`] = `
<View
  style={
    Array [
      Object {
        "width": "100%",
      },
    ]
  }
>
  <View
    isFocused={false}
    style={
      Array [
        Object {
          "alignItems": "center",
          "backgroundColor": "#FFFFFF",
          "borderColor": "#FFFFFF",
          "borderRadius": 6,
          "borderStyle": "solid",
          "borderWidth": 2,
          "flexDirection": "row",
          "opacity": 1,
          "paddingBottom": 0,
          "paddingLeft": 12,
          "paddingRight": 12,
          "paddingTop": 0,
          "transition": "border-color 0.3s ease-in",
          "width": "100%",
        },
      ]
    }
  >
    <TextInput
      editable={true}
      onBlur={[Function]}
      onFocus={[Function]}
      style={
        Array [
          Object {
            "color": "#0D0A0B",
            "flexBasis": 0,
            "flexGrow": 1,
            "flexShrink": 1,
            "fontFamily": "Poppins-Regular",
            "fontSize": 16,
            "height": 50,
            "paddingBottom": 8,
            "paddingLeft": 16,
            "paddingRight": 16,
            "paddingTop": 8,
          },
        ]
      }
      testID="input"
    />
  </View>
</View>
`;
